// Jest Snapshot v1, https://goo.gl/fbAQLP

exports[`Preloader component should render the component correctly when no props are provided 1`] = `
<div
  className="preloader"
>
  <div
    className="css-11linkp"
  >
    <div
      className="css-1goakdm"
    />
    <div
      className="css-odb1kq"
    />
    <div
      className="css-1viw8f6"
    />
    <div
      className="css-qnarmt"
    />
    <div
      className="css-1choe6w"
    />
  </div>
</div>
`;
